
 ets Jan  8 2013,rst cause:2, boot mode:(3,6)

load 0x40100000, len 7032, room 16 
tail 8
chksum 0x94
load 0x3ffe8408, len 24, room 0 
tail 8
chksum 0x2d
load 0x3ffe8420, len 3328, room 0 
tail 0
chksum 0x62
csum 0x62
[0;32mI (43) boot: ESP-IDF v3.4-dev-375-g95193813 2nd stage bootloader[0m
[0;32mI (43) boot: compile time 03:39:17[0m
[0;32mI (44) boot: SPI Speed      : 40MHz[0m
[0;32mI (50) boot: SPI Mode       : DOUT[0m
[0;32mI (56) boot: SPI Flash Size : 1MB[0m
[0;32mI (63) boot: Partition Table:[0m
[0;32mI (68) boot: ## Label            Usage          Type ST Offset   Length[0m
[0;32mI (79) boot:  0 nvs              WiFi data        01 02 00009000 00006000[0m
[0;32mI (91) boot:  1 phy_init         RF data          01 01 0000f000 00001000[0m
[0;32mI (102) boot:  2 factory          factory app      00 00 00010000 000f0000[0m
[0;32mI (114) boot: End of partition table[0m
[0;32mI (120) esp_image: segment 0: paddr=0x00010010 vaddr=0x40210010 size=0x1bcec (113900) map[0m
0x40210010: _stext at ??:?
[0;32mI (184) esp_image: segment 1: paddr=0x0002bd04 vaddr=0x4022bcfc size=0x07050 ( 28752) map[0m
[0;32mI (197) esp_image: segment 2: paddr=0x00032d5c vaddr=0x3ffe8000 size=0x00554 (  1364) load[0m
[0;32mI (198) esp_image: segment 3: paddr=0x000332b8 vaddr=0x40100000 size=0x00080 (   128) load[0m
[0;32mI (209) esp_image: segment 4: paddr=0x00033340 vaddr=0x40100080 size=0x04ee8 ( 20200) load[0m
[0;32mI (231) boot: Loaded app from partition at offset 0x10000[0m

Test Case 1. Test To Print ""
Passed
Hello World!
Test Case 2. Test To Print Hello World!
Passed
816117555
Test Case 3. Test To Print 816117555
Passed
This is ESP8266 chip with 1 CPU cores, WiFi, silicon revision 1, 1MB external flash
Restarting in 10 seconds...
Restarting in 9 seconds...
Restarting in 8 seconds...
Restarting in 7 seconds...
Restarting in 6 seconds...
Restarting in 5 seconds...
Restarting in 4 seconds...
Restarting in 3 seconds...
Restarting in 2 seconds...
Restarting in 1 seconds...
Restarting in 0 seconds...
Restarting now.

 ets Jan  8 2013,rst cause:2, boot mode:(3,6)

load 0x40100000, len 7032, room 16 
tail 8
chksum 0x94
load 0x3ffe8408, len 24, room 0 
tail 8
chksum 0x2d
load 0x3ffe8420, len 3328, room 0 
tail 0
chksum 0x62
csum 0x62
[0;32mI (80) boot: ESP-IDF v3.4-dev-375-g95193813 2nd stage bootloader[0m
[0;32mI (80) boot: compile time 03:39:17[0m
[0;32mI (82) boot: SPI Speed      : 40MHz[0m
[0;32mI (95) boot: SPI Mode       : DOUT[0m
[0;32mI (107) boot: SPI Flash Size : 1MB[0m
[0;32mI (120) boot: Partition Table:[0m
[0;32mI (131) boot: ## Label            Usage          Type ST Offset   Length[0m
[0;32mI (154) boot:  0 nvs              WiFi data        01 02 00009000 00006000[0m
[0;32mI (177) boot:  1 phy_init         RF data          01 01 0000f000 00001000[0m
[0;32mI (200) boot:  2 factory          factory app      00 00 00010000 000f0000[0m
[0;32mI (224) boot: End of partition table[0m
[0;32mI (237) esp_image: segment 0: paddr=0x00010010 vaddr=0x40210010 size=0x1bcec (113900) map[0m
0x40210010: _stext at ??:?
[0;32mI (340) esp_image: segment 1: paddr=0x0002bd04 vaddr=0x4022bcfc size=0x07050 ( 28752) map[0m
