
 ets Jan  8 2013,rst cause:2, boot mode:(3,6)

load 0x40100000, len 7040, room 16 
tail 0
chksum 0xdb
load 0x3ffe8408, len 24, room 8 
tail 0
chksum 0x52
load 0x3ffe8420, len 3328, room 8 
tail 8
chksum 0x14
csum 0x14
[0;32mI (46) boot: ESP-IDF v3.4-dev-375-g95193813 2nd stage bootloader[0m
[0;32mI (46) boot: compile time 23:34:33[0m
[0;32mI (47) qio_mode: Enabling default flash chip QIO[0m
[0;32mI (55) boot: SPI Speed      : 40MHz[0m
[0;32mI (61) boot: SPI Mode       : QIO[0m
[0;32mI (68) boot: SPI Flash Size : 1MB[0m
[0;32mI (74) boot: Partition Table:[0m
[0;32mI (79) boot: ## Label            Usage          Type ST Offset   Length[0m
[0;32mI (91) boot:  0 nvs              WiFi data        01 02 00009000 00006000[0m
[0;32mI (102) boot:  1 phy_init         RF data          01 01 0000f000 00001000[0m
[0;32mI (114) boot:  2 factory          factory app      00 00 00010000 000f0000[0m
[0;32mI (125) boot: End of partition table[0m
[0;32mI (132) esp_image: segment 0: paddr=0x00010010 vaddr=0x40210010 size=0x1b084 (110724) map[0m
0x40210010: _stext at ??:?
[0;32mI (182) esp_image: segment 1: paddr=0x0002b09c vaddr=0x4022b094 size=0x06eec ( 28396) map[0m
[0;32mI (193) esp_image: segment 2: paddr=0x00031f90 vaddr=0x3ffe8000 size=0x00554 (  1364) load[0m
[0;32mI (194) esp_image: segment 3: paddr=0x000324ec vaddr=0x40100000 size=0x00080 (   128) load[0m
[0;32mI (207) esp_image: segment 4: paddr=0x00032574 vaddr=0x40100080 size=0x04f08 ( 20232) load[0m
[0;32mI (227) boot: Loaded app from partition at offset 0x10000[0m
Nicholas Bissessar ID#: 816117555
This is ESP8266 chip with 1 CPU cores, WiFi, silicon revision 1, 2MB external flash
Restarting in 10 seconds...
Restarting in 9 seconds...
Restarting in 8 seconds...
Restarting in 7 seconds...
Restarting in 6 seconds...
Restarting in 5 seconds...
Restarting in 4 seconds...
Restarting in 3 seconds...
Restarting in 2 seconds...
Restarting in 1 seconds...
Restarting in 0 seconds...
Restarting now.

 ets Jan  8 2013,rst cause:2, boot mode:(3,6)

load 0x40100000, len 7040, room 16 
tail 0
chksum 0xdb
load 0x3ffe8408, len 24, room 8 
tail 0
chksum 0x52
load 0x3ffe8420, len 3328, room 8 
tail 8
chksum 0x14
csum 0x14
[0;32mI (87) boot: ESP-IDF v3.4-dev-375-g95193813 2nd stage bootloader[0m
[0;32mI (87) boot: compile time 23:34:33[0m
[0;32mI (88) qio_mode: Enabling default flash chip QIO[0m
[0;32mI (104) boot: SPI Speed      : 40MHz[0m
[0;32mI (118) boot: SPI Mode       : QIO[0m
[0;32mI (130) boot: SPI Flash Size : 1MB[0m
[0;32mI (143) boot: Partition Table:[0m
[0;32mI (154) boot: ## Label            Usage          Type ST Offset   Length[0m
[0;32mI (177) boot:  0 nvs              WiFi data        01 02 00009000 00006000[0m
[0;32mI (200) boot:  1 phy_init         RF data          01 01 0000f000 00001000[0m
[0;32mI (223) boot:  2 factory          factory app      00 00 00010000 000f0000[0m
[0;32mI (246) boot: End of partition table[0m
[0;32mI (260) esp_image: segment 0: paddr=0x00010010 vaddr=0x40210010 size=0x1b084 (110724) map[0m
0x40210010: _stext at ??:?
[0;32mI (339) esp_image: segment 1: paddr=0x0002b09c vaddr=0x4022b094 size=0x06eec ( 28396) map[0m
[0;32mI (353) esp_image: segment 2: paddr=0x00031f90 vaddr=0x3ffe8000 size=0x00554 (  1364) load[0m
[0;32mI (361) esp_image: segment 3: paddr=0x000324ec vaddr=0x40100000 size=0x00080 (   128) load[0m
[0;32mI (389) esp_image: segment 4: paddr=0x00032574 vaddr=0x40100080 size=0x04f08 ( 20232) load[0m
[0;32mI (425) boot: Loaded app from partition at offset 0x10000[0m
Nicholas Bissessar ID#: 816117555
This is ESP8266 chip with 1 CPU cores, WiFi, silicon revision 1, 2MB external flash
Restarting in 10 seconds...
